// Jest Snapshot v1, https://goo.gl/fbAQLP

exports[`Routing route to HomePage 1`] = `
<DocumentFragment>
  <h1>
    Dashboard Page
  </h1>
  <button
    class="btn"
    cy-data="go-back-button"
    type="button"
  >
    Go back
  </button>
</DocumentFragment>
`;
