// Jest Snapshot v1, https://goo.gl/fbAQLP

exports[`Renders the connected app with initialState 1`] = `
<DocumentFragment>
  <nav
    class="navbar navbar-expand-lg navbar-dark bg-dark"
  >
    <a
      aria-current="page"
      class="navbar-brand active"
      href="/"
    >
      Home
    </a>
    <button
      aria-controls="navbarNavAltMarkup"
      aria-expanded="false"
      aria-label="Toggle navigation"
      class="navbar-toggler"
      data-target="#navbarNavAltMarkup"
      data-toggle="collapse"
      type="button"
    >
      <span
        class="navbar-toggler-icon"
      />
    </button>
    <div
      class="collapse navbar-collapse"
      id="navbarNavAltMarkup"
    >
      <div
        class="navbar-nav"
      >
        <a
          class="nav-item nav-link"
          href="/dashboard"
        >
          Dashboard
        </a>
      </div>
    </div>
  </nav>
  <div
    class="container"
  >
    <h1>
      Time Zone Component
    </h1>
    <select>
      <option>
        Andorra, Europe/Andorra
      </option>
      <option>
        Albania, Europe/Albania
      </option>
    </select>
    <div
      class="card mt-5"
    >
      <div
        class="card-body"
      >
        <h5
          class="card-text"
        >
          Country Code: AD
        </h5>
        <h5
          class="card-text"
        >
          Country Name: Andorra
        </h5>
        <h5
          class="card-text"
        >
          Zone Name: Europe/Andorra
        </h5>
        <p
          class="card-title"
        >
          Date Time: Tue Feb 23 2021 12:48:50 GMT+0000 (Greenwich Mean Time)
        </p>
      </div>
    </div>
  </div>
</DocumentFragment>
`;
