// Jest Snapshot v1, https://goo.gl/fbAQLP

exports[`Routing render Snapshot 1`] = `
<DocumentFragment>
  <nav
    class="navbar navbar-expand-lg navbar-dark bg-dark"
  >
    <a
      aria-current="page"
      class="navbar-brand active"
      href="/"
    >
      Home
    </a>
    <button
      aria-controls="navbarNavAltMarkup"
      aria-expanded="false"
      aria-label="Toggle navigation"
      class="navbar-toggler"
      data-target="#navbarNavAltMarkup"
      data-toggle="collapse"
      type="button"
    >
      <span
        class="navbar-toggler-icon"
      />
    </button>
    <div
      class="collapse navbar-collapse"
      id="navbarNavAltMarkup"
    >
      <div
        class="navbar-nav"
      >
        <a
          class="nav-item nav-link"
          href="/dashboard"
        >
          Dashboard
        </a>
      </div>
    </div>
  </nav>
</DocumentFragment>
`;
