// Jest Snapshot v1, https://goo.gl/fbAQLP

exports[`Secondary render Snapshot  1`] = `
<DocumentFragment>
  <button
    class="sc-dlfnbm jcNQPz"
    type="button"
  >
    Secondary
  </button>
</DocumentFragment>
`;
