// Jest Snapshot v1, https://goo.gl/fbAQLP

exports[`Tertiary render Snapshot  1`] = `
<DocumentFragment>
  <button
    class="sc-bdfBwQ dqbUOJ"
    type="button"
  >
    Tertiary
  </button>
</DocumentFragment>
`;
